
> pms-app@0.1.0 build
> next build

??Next.js 16.2.0 (Turbopack)

  Creating an optimized production build ...
??Compiled successfully in 10.5s
  Running TypeScript ...
node.exe : Failed to type check.
位於 線路:1 字元:1
+ & "C:\Program Files\nodejs/node.exe" "C:\Program Files\nodejs/node_mo ...
+ ~~~~~~~~~~~~~~~~~~~~~~~~~~~~~~~~~~~~~~~~~~~~~~~~~~~~~~~~~~~~~~~~~~~~~
    + CategoryInfo          : NotSpecified: (Failed to type check.:String) [], 
    RemoteException
    + FullyQualifiedErrorId : NativeCommandError
 

.next/dev/types/validator.ts:65:52
Type error: Type '"/forgot-password"' does not satisfy the constraint '"/"'.

  [90m63 |[0m [90m// Validate ../../../src/app/forgot-password/page.tsx[0m
  [90m64 |[0m {
[31m[1m>[0m [90m65 |[0m   [36mtype[0m __IsExpected<[33mSpecific[0m [3
6mextends[0m [33mAppPageConfig[0m<[32m"/forgot-password"[0m>> = [33mSpeci
fic[0m
  [90m   |[0m                                                    [31m[1m^[
0m
  [90m66 |[0m   [36mconst[0m handler = {} [36mas[0m [36mtypeof[0m [36m
import[0m([32m"../../../src/app/forgot-password/page.js"[0m)
  [90m67 |[0m   [36mtype[0m __Check = __IsExpected<[36mtypeof[0m handler>
  [90m68 |[0m   [90m// @ts-ignore[0m
Next.js build worker exited with code: 1 and signal: null
